// Jest Snapshot v1, https://goo.gl/fbAQLP

exports[`DetailView component renders DetailView 1`] = `
<Fragment>
  <h1>
    name
  </h1>
  <ul />
</Fragment>
`;
