// Jest Snapshot v1, https://goo.gl/fbAQLP

exports[`Temps component renders Temps 1`] = `<ul />`;
